[     226ms] [INFO] %cDownload the React DevTools for a better development experience: https://reactjs.org/link/react-devtools font-weight:bold @ http://localhost:5173/node_modules/.vite/deps/chunk-NXESFFTV.js?v=083f6251:21608
[     379ms] [LOG] %c ArtPlayer %c 5.4.0 %c https://artplayer.org color: #fff; background: #5f5f5f color: #fff; background: #4bc729  @ http://localhost:5173/node_modules/.vite/deps/artplayer.js?v=083f6251:5008
[    1642ms] [WARNING] Allow attribute will take precedence over 'allowfullscreen'. @ http://localhost:5173/node_modules/.vite/deps/chunk-NXESFFTV.js?v=083f6251:1232
[    2521ms] [ERROR] Failed to load resource: the server responded with a status of 500 (Internal Server Error) @ http://localhost:5173/api/season/1022789/1:0
[    3571ms] [ERROR] Failed to load resource: the server responded with a status of 500 (Internal Server Error) @ http://localhost:5173/api/season/1022789/1:0
[    3812ms] [LOG] JSHandle@node @ https://cdn.jsdelivr.net/npm/disable-devtool@latest/disable-devtool.min.js:0
[    3814ms] [LOG] Thu May 28 2026 19:10:13 GMT+0530 (India Standard Time) @ https://cdn.jsdelivr.net/npm/disable-devtool@latest/disable-devtool.min.js:0
[    3817ms] [LOG] function(){} @ https://cdn.jsdelivr.net/npm/disable-devtool@latest/disable-devtool.min.js:0
[    3819ms] [TABLE] [Object, Object, Object, Object, Object, Object, Object, Object, Object, Object, Object, Object, Object, Object, Object, Object, Object, Object, Object, Object, Object, Object, Object, Object, Object, Object, Object, Object, Object, Object, Object, Object, Object, Object, Object, Object, Object, Object, Object, Object, Object, Object, Object, Object, Object, Object, Object, Object, Object, Object] @ https://cdn.jsdelivr.net/npm/disable-devtool@latest/disable-devtool.min.js:0
[    4049ms] [LOG] [Object, Object, Object, Object, Object, Object, Object, Object, Object, Object, Object, Object, Object, Object, Object, Object, Object, Object, Object, Object, Object, Object, Object, Object, Object, Object, Object, Object, Object, Object, Object, Object, Object, Object, Object, Object, Object, Object, Object, Object, Object, Object, Object, Object, Object, Object, Object, Object, Object, Object] @ https://cdn.jsdelivr.net/npm/disable-devtool@latest/disable-devtool.min.js:0
[    4050ms] [TABLE] [Object, Object, Object, Object, Object, Object, Object, Object, Object, Object, Object, Object, Object, Object, Object, Object, Object, Object, Object, Object, Object, Object, Object, Object, Object, Object, Object, Object, Object, Object, Object, Object, Object, Object, Object, Object, Object, Object, Object, Object, Object, Object, Object, Object, Object, Object, Object, Object, Object, Object] @ https://cdn.jsdelivr.net/npm/disable-devtool@latest/disable-devtool.min.js:0
[    4225ms] [LOG] [Object, Object, Object, Object, Object, Object, Object, Object, Object, Object, Object, Object, Object, Object, Object, Object, Object, Object, Object, Object, Object, Object, Object, Object, Object, Object, Object, Object, Object, Object, Object, Object, Object, Object, Object, Object, Object, Object, Object, Object, Object, Object, Object, Object, Object, Object, Object, Object, Object, Object] @ https://cdn.jsdelivr.net/npm/disable-devtool@latest/disable-devtool.min.js:0
[    4226ms] [TABLE] [Object, Object, Object, Object, Object, Object, Object, Object, Object, Object, Object, Object, Object, Object, Object, Object, Object, Object, Object, Object, Object, Object, Object, Object, Object, Object, Object, Object, Object, Object, Object, Object, Object, Object, Object, Object, Object, Object, Object, Object, Object, Object, Object, Object, Object, Object, Object, Object, Object, Object] @ https://cdn.jsdelivr.net/npm/disable-devtool@latest/disable-devtool.min.js:0
[    4362ms] [LOG] [Object, Object, Object, Object, Object, Object, Object, Object, Object, Object, Object, Object, Object, Object, Object, Object, Object, Object, Object, Object, Object, Object, Object, Object, Object, Object, Object, Object, Object, Object, Object, Object, Object, Object, Object, Object, Object, Object, Object, Object, Object, Object, Object, Object, Object, Object, Object, Object, Object, Object] @ https://cdn.jsdelivr.net/npm/disable-devtool@latest/disable-devtool.min.js:0
[    4364ms] [WARNING] You don't have permission to use DEVTOOL!【type = 6】 @ https://cdn.jsdelivr.net/npm/disable-devtool@latest/disable-devtool.min.js:0
[    4584ms] [LOG] JSHandle@node @ https://cdn.jsdelivr.net/npm/disable-devtool@latest/disable-devtool.min.js:0
[    4585ms] [LOG] Thu May 28 2026 19:10:13 GMT+0530 (India Standard Time) @ https://cdn.jsdelivr.net/npm/disable-devtool@latest/disable-devtool.min.js:0
[    4585ms] [LOG] function(){} @ https://cdn.jsdelivr.net/npm/disable-devtool@latest/disable-devtool.min.js:0
[    4644ms] [INFO] %cDownload the React DevTools for a better development experience: https://reactjs.org/link/react-devtools font-weight:bold @ http://localhost:5173/node_modules/.vite/deps/chunk-NXESFFTV.js?v=083f6251:21608
[    4586ms] [TABLE] [Object, Object, Object, Object, Object, Object, Object, Object, Object, Object, Object, Object, Object, Object, Object, Object, Object, Object, Object, Object, Object, Object, Object, Object, Object, Object, Object, Object, Object, Object, Object, Object, Object, Object, Object, Object, Object, Object, Object, Object, Object, Object, Object, Object, Object, Object, Object, Object, Object, Object] @ https://cdn.jsdelivr.net/npm/disable-devtool@latest/disable-devtool.min.js:0
[    4766ms] [LOG] [Object, Object, Object, Object, Object, Object, Object, Object, Object, Object, Object, Object, Object, Object, Object, Object, Object, Object, Object, Object, Object, Object, Object, Object, Object, Object, Object, Object, Object, Object, Object, Object, Object, Object, Object, Object, Object, Object, Object, Object, Object, Object, Object, Object, Object, Object, Object, Object, Object, Object] @ https://cdn.jsdelivr.net/npm/disable-devtool@latest/disable-devtool.min.js:0
[    4767ms] [WARNING] You don't have permission to use DEVTOOL!【type = 6】 @ https://cdn.jsdelivr.net/npm/disable-devtool@latest/disable-devtool.min.js:0
[    4771ms] [ERROR] Failed to load thumbnails: TypeError: Failed to fetch
    at loadThumbnails (https://brightpathsignals.com/embed/assets/js/player.min.js?v=1779763928:2489:27)
    at Object.<anonymous> (https://brightpathsignals.com/embed/assets/js/player.min.js?v=1779763928:1127:21)
    at c (https://code.jquery.com/jquery-3.7.1.min.js:2:25304)
    at Object.fireWith [as resolveWith] (https://code.jquery.com/jquery-3.7.1.min.js:2:26053)
    at l (https://code.jquery.com/jquery-3.7.1.min.js:2:77782)
    at XMLHttpRequest.<anonymous> (https://code.jquery.com/jquery-3.7.1.min.js:2:80265) @ https://brightpathsignals.com/embed/assets/js/player.min.js?v=1779763928:2495
[    4778ms] [LOG] %c ArtPlayer %c 5.4.0 %c https://artplayer.org color: #fff; background: #5f5f5f color: #fff; background: #4bc729  @ http://localhost:5173/node_modules/.vite/deps/artplayer.js?v=083f6251:5008
