[     137ms] [INFO] %cDownload the React DevTools for a better development experience: https://reactjs.org/link/react-devtools font-weight:bold @ http://localhost:5173/node_modules/.vite/deps/chunk-NXESFFTV.js?v=083f6251:21608
[     270ms] [LOG] %c ArtPlayer %c 5.4.0 %c https://artplayer.org color: #fff; background: #5f5f5f color: #fff; background: #4bc729  @ http://localhost:5173/node_modules/.vite/deps/artplayer.js?v=083f6251:5008
[    1411ms] [WARNING] Allow attribute will take precedence over 'allowfullscreen'. @ http://localhost:5173/node_modules/.vite/deps/chunk-NXESFFTV.js?v=083f6251:1232
[    2134ms] [ERROR] Failed to load resource: the server responded with a status of 500 (Internal Server Error) @ http://localhost:5173/api/season/1022789/1:0
[    2954ms] [ERROR] Failed to load resource: the server responded with a status of 500 (Internal Server Error) @ http://localhost:5173/api/season/1022789/1:0
[    3172ms] [LOG] JSHandle@node @ https://cdn.jsdelivr.net/npm/disable-devtool@latest/disable-devtool.min.js:0
[    3173ms] [LOG] Thu May 28 2026 19:09:52 GMT+0530 (India Standard Time) @ https://cdn.jsdelivr.net/npm/disable-devtool@latest/disable-devtool.min.js:0
[    3174ms] [LOG] function(){} @ https://cdn.jsdelivr.net/npm/disable-devtool@latest/disable-devtool.min.js:0
[    3175ms] [TABLE] [Object, Object, Object, Object, Object, Object, Object, Object, Object, Object, Object, Object, Object, Object, Object, Object, Object, Object, Object, Object, Object, Object, Object, Object, Object, Object, Object, Object, Object, Object, Object, Object, Object, Object, Object, Object, Object, Object, Object, Object, Object, Object, Object, Object, Object, Object, Object, Object, Object, Object] @ https://cdn.jsdelivr.net/npm/disable-devtool@latest/disable-devtool.min.js:0
[    3317ms] [LOG] [Object, Object, Object, Object, Object, Object, Object, Object, Object, Object, Object, Object, Object, Object, Object, Object, Object, Object, Object, Object, Object, Object, Object, Object, Object, Object, Object, Object, Object, Object, Object, Object, Object, Object, Object, Object, Object, Object, Object, Object, Object, Object, Object, Object, Object, Object, Object, Object, Object, Object] @ https://cdn.jsdelivr.net/npm/disable-devtool@latest/disable-devtool.min.js:0
[    3317ms] [TABLE] [Object, Object, Object, Object, Object, Object, Object, Object, Object, Object, Object, Object, Object, Object, Object, Object, Object, Object, Object, Object, Object, Object, Object, Object, Object, Object, Object, Object, Object, Object, Object, Object, Object, Object, Object, Object, Object, Object, Object, Object, Object, Object, Object, Object, Object, Object, Object, Object, Object, Object] @ https://cdn.jsdelivr.net/npm/disable-devtool@latest/disable-devtool.min.js:0
[    3426ms] [LOG] [Object, Object, Object, Object, Object, Object, Object, Object, Object, Object, Object, Object, Object, Object, Object, Object, Object, Object, Object, Object, Object, Object, Object, Object, Object, Object, Object, Object, Object, Object, Object, Object, Object, Object, Object, Object, Object, Object, Object, Object, Object, Object, Object, Object, Object, Object, Object, Object, Object, Object] @ https://cdn.jsdelivr.net/npm/disable-devtool@latest/disable-devtool.min.js:0
[    3427ms] [TABLE] [Object, Object, Object, Object, Object, Object, Object, Object, Object, Object, Object, Object, Object, Object, Object, Object, Object, Object, Object, Object, Object, Object, Object, Object, Object, Object, Object, Object, Object, Object, Object, Object, Object, Object, Object, Object, Object, Object, Object, Object, Object, Object, Object, Object, Object, Object, Object, Object, Object, Object] @ https://cdn.jsdelivr.net/npm/disable-devtool@latest/disable-devtool.min.js:0
[    3527ms] [LOG] [Object, Object, Object, Object, Object, Object, Object, Object, Object, Object, Object, Object, Object, Object, Object, Object, Object, Object, Object, Object, Object, Object, Object, Object, Object, Object, Object, Object, Object, Object, Object, Object, Object, Object, Object, Object, Object, Object, Object, Object, Object, Object, Object, Object, Object, Object, Object, Object, Object, Object] @ https://cdn.jsdelivr.net/npm/disable-devtool@latest/disable-devtool.min.js:0
[    3528ms] [WARNING] You don't have permission to use DEVTOOL!【type = 6】 @ https://cdn.jsdelivr.net/npm/disable-devtool@latest/disable-devtool.min.js:0
[    3565ms] [LOG] JSHandle@node @ https://cdn.jsdelivr.net/npm/disable-devtool@latest/disable-devtool.min.js:0
[    3566ms] [LOG] Thu May 28 2026 19:09:52 GMT+0530 (India Standard Time) @ https://cdn.jsdelivr.net/npm/disable-devtool@latest/disable-devtool.min.js:0
[    3566ms] [LOG] function(){} @ https://cdn.jsdelivr.net/npm/disable-devtool@latest/disable-devtool.min.js:0
[    3690ms] [INFO] %cDownload the React DevTools for a better development experience: https://reactjs.org/link/react-devtools font-weight:bold @ http://localhost:5173/node_modules/.vite/deps/chunk-NXESFFTV.js?v=083f6251:21608
[    3835ms] [LOG] %c ArtPlayer %c 5.4.0 %c https://artplayer.org color: #fff; background: #5f5f5f color: #fff; background: #4bc729  @ http://localhost:5173/node_modules/.vite/deps/artplayer.js?v=083f6251:5008
[    3566ms] [TABLE] [Object, Object, Object, Object, Object, Object, Object, Object, Object, Object, Object, Object, Object, Object, Object, Object, Object, Object, Object, Object, Object, Object, Object, Object, Object, Object, Object, Object, Object, Object, Object, Object, Object, Object, Object, Object, Object, Object, Object, Object, Object, Object, Object, Object, Object, Object, Object, Object, Object, Object] @ https://cdn.jsdelivr.net/npm/disable-devtool@latest/disable-devtool.min.js:0
[    3885ms] [LOG] [Object, Object, Object, Object, Object, Object, Object, Object, Object, Object, Object, Object, Object, Object, Object, Object, Object, Object, Object, Object, Object, Object, Object, Object, Object, Object, Object, Object, Object, Object, Object, Object, Object, Object, Object, Object, Object, Object, Object, Object, Object, Object, Object, Object, Object, Object, Object, Object, Object, Object] @ https://cdn.jsdelivr.net/npm/disable-devtool@latest/disable-devtool.min.js:0
[    3886ms] [WARNING] You don't have permission to use DEVTOOL!【type = 6】 @ https://cdn.jsdelivr.net/npm/disable-devtool@latest/disable-devtool.min.js:0
